// Jest Snapshot v1, https://goo.gl/fbAQLP

exports[`should render NotFoundPage correctly 1`] = `
<div>
  404 This is from not found component 
  <Link
    replace={false}
    to="/"
  >
     Home page 
  </Link>
</div>
`;
