// Jest Snapshot v1, https://goo.gl/fbAQLP

exports[`should render OCButton correctly 1`] = `
<div
  className="container"
  id="ocbutton"
  onClick={[Function]}
>
  <div
    className="bar1"
  />
  <div
    className="bar2"
  />
  <div
    className="bar3"
  />
</div>
`;
